// Jest Snapshot v1, https://goo.gl/fbAQLP

exports[`draw in canvas 1`] = `
Array [
  Object {
    "props": Object {},
    "transform": Array [
      1,
      0,
      0,
      1,
      0,
      0,
    ],
    "type": "beginPath",
  },
  Object {
    "props": Object {
      "anticlockwise": false,
      "endAngle": 6.283185307179586,
      "radius": 20,
      "startAngle": 0,
      "x": 300,
      "y": 100,
    },
    "transform": Array [
      1,
      0,
      0,
      1,
      0,
      0,
    ],
    "type": "arc",
  },
  Object {
    "props": Object {},
    "transform": Array [
      1,
      0,
      0,
      1,
      0,
      0,
    ],
    "type": "closePath",
  },
  Object {
    "props": Object {
      "anticlockwise": false,
      "endAngle": 6.283185307179586,
      "radius": 20,
      "startAngle": 0,
      "x": 300,
      "y": 100,
    },
    "transform": Array [
      1,
      0,
      0,
      1,
      0,
      0,
    ],
    "type": "arc",
  },
]
`;
